// Jest Snapshot v1, https://goo.gl/fbAQLP

exports[`Timer should render correctly 1`] = `
"<div>
  <h3>
    00:00:00
  </h3>
  <button className=\\"button-start\\" onClick={[Function: startTimer]}>
    Start
  </button>
  <button className=\\"button-pause\\" onClick={[Function: pauseTimer]}>
    Pause
  </button>
  <button className=\\"button-save\\" onClick={[Function: saveData]}>
    Save
  </button>
</div>"
`;
